// Jest Snapshot v1, https://goo.gl/fbAQLP

exports[`Grid findWords() finds the correct words 1`] = `
Array [
  Object {
    "direction": "South",
    "length": 3,
    "word": "CEE",
    "x": 0,
    "y": 0,
  },
  Object {
    "direction": "Southeast",
    "length": 4,
    "word": "CRAP",
    "x": 0,
    "y": 0,
  },
  Object {
    "direction": "East",
    "length": 3,
    "word": "CAT",
    "x": 0,
    "y": 0,
  },
  Object {
    "direction": "Southeast",
    "length": 3,
    "word": "ETA",
    "x": 0,
    "y": 1,
  },
  Object {
    "direction": "East",
    "length": 3,
    "word": "ERA",
    "x": 0,
    "y": 1,
  },
  Object {
    "direction": "East",
    "length": 3,
    "word": "ETA",
    "x": 0,
    "y": 2,
  },
  Object {
    "direction": "North",
    "length": 3,
    "word": "FEE",
    "x": 0,
    "y": 3,
  },
  Object {
    "direction": "South",
    "length": 3,
    "word": "ART",
    "x": 1,
    "y": 0,
  },
  Object {
    "direction": "East",
    "length": 3,
    "word": "ATS",
    "x": 1,
    "y": 0,
  },
  Object {
    "direction": "Southeast",
    "length": 3,
    "word": "RAP",
    "x": 1,
    "y": 1,
  },
  Object {
    "direction": "East",
    "length": 3,
    "word": "RAY",
    "x": 1,
    "y": 1,
  },
  Object {
    "direction": "East",
    "length": 3,
    "word": "TAG",
    "x": 1,
    "y": 2,
  },
  Object {
    "direction": "Northeast",
    "length": 3,
    "word": "TAS",
    "x": 1,
    "y": 2,
  },
  Object {
    "direction": "East",
    "length": 3,
    "word": "YAP",
    "x": 1,
    "y": 3,
  },
  Object {
    "direction": "Northeast",
    "length": 3,
    "word": "YAY",
    "x": 1,
    "y": 3,
  },
  Object {
    "direction": "West",
    "length": 3,
    "word": "ARE",
    "x": 2,
    "y": 1,
  },
  Object {
    "direction": "Northwest",
    "length": 3,
    "word": "ARC",
    "x": 2,
    "y": 2,
  },
  Object {
    "direction": "West",
    "length": 3,
    "word": "ATE",
    "x": 2,
    "y": 2,
  },
  Object {
    "direction": "Northwest",
    "length": 3,
    "word": "ATE",
    "x": 2,
    "y": 3,
  },
  Object {
    "direction": "Southwest",
    "length": 3,
    "word": "SAT",
    "x": 3,
    "y": 0,
  },
  Object {
    "direction": "West",
    "length": 3,
    "word": "YAR",
    "x": 3,
    "y": 1,
  },
  Object {
    "direction": "Southwest",
    "length": 3,
    "word": "YAY",
    "x": 3,
    "y": 1,
  },
  Object {
    "direction": "West",
    "length": 3,
    "word": "GAT",
    "x": 3,
    "y": 2,
  },
  Object {
    "direction": "Northwest",
    "length": 3,
    "word": "PAR",
    "x": 3,
    "y": 3,
  },
  Object {
    "direction": "West",
    "length": 3,
    "word": "PAY",
    "x": 3,
    "y": 3,
  },
]
`;
